// Vitest Snapshot v1, https://vitest.dev/guide/snapshot.html

exports[`radio script > is unchanged (snapshot) 1`] = `
{
  "clearance": [
    {
      "channel": "voice",
      "delayS": 0,
      "from": "pilot",
      "text": "CNS Lab Delivery, CNS700, stand S3, request clearance.",
      "unit": "delivery",
    },
    {
      "channel": "voice",
      "delayS": 4,
      "from": "atc",
      "text": "CNS700, cleared to XCNS, flight planned route, climb 10,000 feet, squawk 4521.",
      "unit": "delivery",
    },
    {
      "channel": "voice",
      "delayS": 9,
      "from": "pilot",
      "text": "Cleared to XCNS, flight planned route, climb 10,000 feet, squawk 4521, CNS700.",
      "unit": "delivery",
    },
  ],
  "complete": [
    {
      "channel": "note",
      "delayS": 0,
      "from": "note",
      "text": "All passengers are off. The flight is complete.",
      "unit": "ground",
    },
  ],
  "descentStart": [
    {
      "channel": "datalink",
      "delayS": 0,
      "from": "atc",
      "text": "DESCEND TO FL280",
      "unit": "oceanic",
    },
    {
      "channel": "datalink",
      "delayS": 20,
      "from": "pilot",
      "text": "WILCO",
      "unit": "oceanic",
    },
  ],
  "gsCapture": [
    {
      "channel": "note",
      "delayS": 0,
      "from": "note",
      "text": "Glide path captured: the aircraft now descends along the 3° beam.",
      "unit": "approach",
    },
  ],
  "holdShort": [
    {
      "channel": "voice",
      "delayS": 0,
      "from": "atc",
      "text": "CNS700, contact Tower 118.1.",
      "unit": "ground",
    },
    {
      "channel": "voice",
      "delayS": 5,
      "from": "pilot",
      "text": "CNS Lab Tower, CNS700, holding point A1, ready for departure.",
      "unit": "tower",
    },
  ],
  "interceptClearance": [
    {
      "channel": "voice",
      "delayS": 0,
      "from": "atc",
      "text": "CNS700, turn right heading 060, cleared ILS approach runway 09, report established.",
      "unit": "approach",
    },
    {
      "channel": "voice",
      "delayS": 4,
      "from": "pilot",
      "text": "Right heading 060, cleared ILS runway 09, wilco, CNS700.",
      "unit": "approach",
    },
  ],
  "liftoff": [
    {
      "channel": "note",
      "delayS": 0,
      "from": "note",
      "text": "Lift-off at 150 kt. Gear up.",
      "unit": "tower",
    },
  ],
  "lineUp": [
    {
      "channel": "voice",
      "delayS": 0,
      "from": "atc",
      "text": "CNS700, runway 09, line up and wait.",
      "unit": "tower",
    },
    {
      "channel": "voice",
      "delayS": 3,
      "from": "pilot",
      "text": "Lining up and waiting, runway 09, CNS700.",
      "unit": "tower",
    },
  ],
  "locCapture": [
    {
      "channel": "voice",
      "delayS": 0,
      "from": "pilot",
      "text": "CNS700, established on the localizer, runway 09.",
      "unit": "approach",
    },
  ],
  "oceanEntry": [
    {
      "channel": "voice",
      "delayS": 0,
      "from": "atc",
      "text": "CNS700, radar service terminated. Contact CNS Lab Oceanic by CPDLC, HF 8864 as backup.",
      "unit": "area",
    },
    {
      "channel": "voice",
      "delayS": 5,
      "from": "pilot",
      "text": "Radar service terminated, CNS Lab Oceanic by CPDLC, CNS700.",
      "unit": "area",
    },
    {
      "channel": "note",
      "delayS": 20,
      "from": "note",
      "text": "ADS-C contract set up: the aircraft now reports its position by satellite every 14 minutes.",
      "unit": "oceanic",
    },
    {
      "channel": "datalink",
      "delayS": 40,
      "from": "atc",
      "text": "MAINTAIN FL350",
      "unit": "oceanic",
    },
    {
      "channel": "datalink",
      "delayS": 55,
      "from": "pilot",
      "text": "WILCO",
      "unit": "oceanic",
    },
  ],
  "oceanExit": [
    {
      "channel": "datalink",
      "delayS": 0,
      "from": "atc",
      "text": "CONTACT CNS LAB CONTROL 125.300",
      "unit": "oceanic",
    },
    {
      "channel": "datalink",
      "delayS": 15,
      "from": "pilot",
      "text": "WILCO",
      "unit": "oceanic",
    },
    {
      "channel": "voice",
      "delayS": 30,
      "from": "pilot",
      "text": "CNS Lab Control, CNS700, with you, descending.",
      "unit": "area",
    },
    {
      "channel": "voice",
      "delayS": 36,
      "from": "atc",
      "text": "CNS700, identified. Descend flight level 120.",
      "unit": "area",
    },
    {
      "channel": "voice",
      "delayS": 40,
      "from": "pilot",
      "text": "Descend flight level 120, CNS700.",
      "unit": "area",
    },
  ],
  "oceanTurn": [
    {
      "channel": "hf",
      "delayS": 0,
      "from": "atc",
      "text": "CNS700, CNS Lab Oceanic, SELCAL check.",
      "unit": "oceanic",
    },
    {
      "channel": "hf",
      "delayS": 6,
      "from": "pilot",
      "text": "SELCAL okay, CNS700.",
      "unit": "oceanic",
    },
  ],
  "onBlocks": [
    {
      "channel": "note",
      "delayS": 0,
      "from": "note",
      "text": "On blocks at stand S3. Engines off, transponder to standby.",
      "unit": "ground",
    },
  ],
  "pushback": [
    {
      "channel": "voice",
      "delayS": 0,
      "from": "atc",
      "text": "CNS700, push-back and start-up approved, facing west.",
      "unit": "ground",
    },
    {
      "channel": "voice",
      "delayS": 3,
      "from": "pilot",
      "text": "Push-back and start-up approved, facing west, CNS700.",
      "unit": "ground",
    },
    {
      "channel": "note",
      "delayS": 4,
      "from": "note",
      "text": "Transponder on: ADS-B and multilateration now see the aircraft on the ground.",
      "unit": "ground",
    },
  ],
  "requestPush": [
    {
      "channel": "voice",
      "delayS": 0,
      "from": "atc",
      "text": "CNS700, when ready, contact Ground 121.9.",
      "unit": "delivery",
    },
    {
      "channel": "voice",
      "delayS": 8,
      "from": "pilot",
      "text": "CNS Lab Ground, CNS700, stand S3, request push-back and start-up.",
      "unit": "ground",
    },
  ],
  "takeoffClearance": [
    {
      "channel": "voice",
      "delayS": 0,
      "from": "atc",
      "text": "CNS700, wind calm, runway 09, cleared for take-off.",
      "unit": "tower",
    },
    {
      "channel": "voice",
      "delayS": 3,
      "from": "pilot",
      "text": "Cleared for take-off, runway 09, CNS700.",
      "unit": "tower",
    },
  ],
  "taxi": [
    {
      "channel": "voice",
      "delayS": 0,
      "from": "pilot",
      "text": "CNS700, request taxi.",
      "unit": "ground",
    },
    {
      "channel": "voice",
      "delayS": 3,
      "from": "atc",
      "text": "CNS700, taxi to holding point A1, runway 09, via A.",
      "unit": "ground",
    },
    {
      "channel": "voice",
      "delayS": 7,
      "from": "pilot",
      "text": "Taxi to holding point A1, runway 09, via A, CNS700.",
      "unit": "ground",
    },
  ],
  "toApproach": [
    {
      "channel": "voice",
      "delayS": 0,
      "from": "atc",
      "text": "CNS700, contact Approach 119.1.",
      "unit": "area",
    },
    {
      "channel": "voice",
      "delayS": 6,
      "from": "pilot",
      "text": "CNS Lab Approach, CNS700, descending.",
      "unit": "approach",
    },
    {
      "channel": "voice",
      "delayS": 10,
      "from": "atc",
      "text": "CNS700, identified. Descend 4,000 feet, expect ILS approach runway 09.",
      "unit": "approach",
    },
    {
      "channel": "voice",
      "delayS": 14,
      "from": "pilot",
      "text": "Descend 4,000 feet, expect ILS runway 09, CNS700.",
      "unit": "approach",
    },
  ],
  "toArea": [
    {
      "channel": "voice",
      "delayS": 0,
      "from": "atc",
      "text": "CNS700, contact CNS Lab Control 125.3.",
      "unit": "departure",
    },
    {
      "channel": "voice",
      "delayS": 6,
      "from": "pilot",
      "text": "CNS Lab Control, CNS700, climbing flight level 240.",
      "unit": "area",
    },
    {
      "channel": "voice",
      "delayS": 10,
      "from": "atc",
      "text": "CNS700, identified. Climb flight level 350.",
      "unit": "area",
    },
    {
      "channel": "voice",
      "delayS": 13,
      "from": "pilot",
      "text": "Climb flight level 350, CNS700.",
      "unit": "area",
    },
  ],
  "toDeparture": [
    {
      "channel": "voice",
      "delayS": 0,
      "from": "atc",
      "text": "CNS700, contact Departure 119.75.",
      "unit": "tower",
    },
    {
      "channel": "voice",
      "delayS": 5,
      "from": "pilot",
      "text": "CNS Lab Departure, CNS700, passing 2,000 feet, climbing 10,000 feet.",
      "unit": "departure",
    },
    {
      "channel": "voice",
      "delayS": 9,
      "from": "atc",
      "text": "CNS700, identified. Climb flight level 240.",
      "unit": "departure",
    },
    {
      "channel": "voice",
      "delayS": 12,
      "from": "pilot",
      "text": "Climb flight level 240, CNS700.",
      "unit": "departure",
    },
  ],
  "toTower": [
    {
      "channel": "voice",
      "delayS": 0,
      "from": "atc",
      "text": "CNS700, contact Tower 118.1.",
      "unit": "approach",
    },
    {
      "channel": "voice",
      "delayS": 5,
      "from": "pilot",
      "text": "CNS Lab Tower, CNS700, ILS runway 09, 8 miles.",
      "unit": "tower",
    },
    {
      "channel": "voice",
      "delayS": 9,
      "from": "atc",
      "text": "CNS700, runway 09, wind calm, cleared to land.",
      "unit": "tower",
    },
    {
      "channel": "voice",
      "delayS": 12,
      "from": "pilot",
      "text": "Cleared to land, runway 09, CNS700.",
      "unit": "tower",
    },
  ],
  "touchdown": [
    {
      "channel": "note",
      "delayS": 0,
      "from": "note",
      "text": "Touchdown. Reverse thrust and brakes.",
      "unit": "tower",
    },
  ],
  "vacated": [
    {
      "channel": "voice",
      "delayS": 0,
      "from": "atc",
      "text": "CNS700, contact Ground 121.9.",
      "unit": "tower",
    },
    {
      "channel": "voice",
      "delayS": 4,
      "from": "pilot",
      "text": "CNS Lab Ground, CNS700, runway 09 vacated via A3.",
      "unit": "ground",
    },
    {
      "channel": "voice",
      "delayS": 7,
      "from": "atc",
      "text": "CNS700, taxi to stand S3 via A.",
      "unit": "ground",
    },
    {
      "channel": "voice",
      "delayS": 10,
      "from": "pilot",
      "text": "Taxi to stand S3 via A, CNS700.",
      "unit": "ground",
    },
  ],
}
`;
